// Jest Snapshot v1, https://goo.gl/fbAQLP

exports[`testing SetupWalletName... renders correctly 1`] = `
<View
  onLayout={[Function]}
  pointerEvents="box-none"
  style={
    Object {
      "backgroundColor": "#1c2227",
      "flex": 1,
      "paddingBottom": 0,
      "paddingLeft": 0,
      "paddingRight": 0,
      "paddingTop": 20,
    }
  }
>
  <View
    style={
      Object {
        "backgroundColor": "#1c2227",
        "flex": 1,
        "paddingBottom": 26.5,
        "paddingLeft": 15,
        "paddingRight": 15,
      }
    }
  >
    <RCTScrollView
      style={
        Object {
          "flex": 1,
        }
      }
    >
      <View>
        <View
          style={
            Object {
              "marginBottom": 8,
            }
          }
        >
          <Text
            accessible={true}
            allowFontScaling={true}
            ellipsizeMode="tail"
            style={
              Object {
                "color": "#ffffff",
                "fontFamily": "TitilliumWeb-Regular",
                "fontSize": 20,
              }
            }
          >
            Give this wallet a name.
          </Text>
        </View>
        <TextInput
          allowFontScaling={true}
          autoCapitalize="none"
          onChangeText={[Function]}
          placeholder="Wallet name"
          placeholderTextColor="#333"
          style={
            Object {
              "backgroundColor": "#ffffff",
              "borderColor": "gray",
              "borderRadius": 3,
              "borderWidth": 1,
              "color": "#000000",
              "fontFamily": "TitilliumWeb-Regular",
              "fontSize": 18,
              "height": 93.5,
              "marginTop": 13.5,
              "paddingLeft": 7.5,
            }
          }
        />
      </View>
    </RCTScrollView>
    <View
      style={
        Object {
          "justifyContent": "flex-end",
        }
      }
    >
      <View
        accessibilityComponentType="button"
        accessibilityTraits="button"
        accessible={true}
        isTVSelectable={true}
        onResponderGrant={[Function]}
        onResponderMove={[Function]}
        onResponderRelease={[Function]}
        onResponderTerminate={[Function]}
        onResponderTerminationRequest={[Function]}
        onStartShouldSetResponder={[Function]}
        style={
          Object {
            "alignContent": "center",
            "backgroundColor": "#696969",
            "borderRadius": 3,
            "height": 93.5,
            "justifyContent": "center",
            "opacity": 1,
          }
        }
      >
        <Text
          accessible={true}
          allowFontScaling={true}
          ellipsizeMode="tail"
          style={
            Object {
              "alignSelf": "center",
              "color": "#ffffff",
              "fontFamily": "TitilliumWeb-Regular",
              "fontSize": 16,
              "fontWeight": "bold",
            }
          }
        >
          Next
        </Text>
      </View>
    </View>
  </View>
</View>
`;
