// Jest Snapshot v1, https://goo.gl/fbAQLP

exports[`testing SetupMain... renders correctly 1`] = `
<View
  onLayout={[Function]}
  pointerEvents="box-none"
  style={
    Object {
      "backgroundColor": "#1c2227",
      "flex": 1,
      "paddingBottom": 0,
      "paddingLeft": 0,
      "paddingRight": 0,
      "paddingTop": 20,
    }
  }
>
  <View
    style={
      Object {
        "backgroundColor": "#1c2227",
        "flex": 1,
        "paddingBottom": 26.5,
        "paddingLeft": 15,
        "paddingRight": 15,
      }
    }
  >
    <RCTScrollView
      style={
        Object {
          "marginTop": 20,
        }
      }
    >
      <View>
        <Image
          resizeMode="contain"
          screenNumber={1}
          source={
            Object {
              "testUri": "../../../img/step-1.png",
            }
          }
          style={
            Object {
              "backgroundColor": "transparent",
              "height": 60,
              "marginBottom": 5,
              "width": "100%",
            }
          }
        />
        <View
          accessible={true}
          onResponderGrant={[Function]}
          onResponderMove={[Function]}
          onResponderRelease={[Function]}
          onResponderTerminate={[Function]}
          onResponderTerminationRequest={[Function]}
          onStartShouldSetResponder={[Function]}
        >
          <Text
            accessible={true}
            allowFontScaling={true}
            ellipsizeMode="tail"
            style={
              Object {
                "color": "#ffffff",
                "fontFamily": "TitilliumWeb-Regular",
                "fontSize": 20,
              }
            }
          >
            Welcome to ndau, a cryptocurrency designed to be a buoyant long-term store of value.
            
          </Text>
        </View>
        <View>
          <Text
            accessible={true}
            allowFontScaling={true}
            ellipsizeMode="tail"
            style={
              Object {
                "color": "#ffffff",
                "fontFamily": "TitilliumWeb-Regular",
                "fontSize": 20,
              }
            }
          >
            Currently, ndau is only available to accredited investors. You will need to have made your purchase through our site and have your six-character ID code ready in order to access this app before launch.
            
          </Text>
        </View>
        <View>
          <Text
            accessible={true}
            allowFontScaling={true}
            ellipsizeMode="tail"
            style={
              Object {
                "color": "#ffffff",
                "fontFamily": "TitilliumWeb-Regular",
                "fontSize": 20,
              }
            }
          >
            To get started securely, we will walk you through creating a new wallet. You will create a password to access this wallet, and a 12-word recovery passphrase that can be used to restore this wallet should you lose access to it (e.g. if you were to lose your mobile device).
            
          </Text>
        </View>
      </View>
    </RCTScrollView>
    <View
      style={
        Object {
          "justifyContent": "flex-end",
        }
      }
    >
      <View
        accessibilityComponentType="button"
        accessibilityTraits="button"
        accessible={true}
        isTVSelectable={true}
        onResponderGrant={[Function]}
        onResponderMove={[Function]}
        onResponderRelease={[Function]}
        onResponderTerminate={[Function]}
        onResponderTerminationRequest={[Function]}
        onStartShouldSetResponder={[Function]}
        style={
          Object {
            "alignContent": "center",
            "backgroundColor": "#4e957a",
            "borderRadius": 3,
            "height": 93.5,
            "justifyContent": "center",
            "opacity": 1,
          }
        }
      >
        <Text
          accessible={true}
          allowFontScaling={true}
          ellipsizeMode="tail"
          style={
            Array [
              Object {
                "color": "#007aff",
                "fontSize": 17,
                "fontWeight": "500",
                "textAlign": "center",
              },
              null,
              Object {
                "color": "#fff",
                "fontFamily": "TitilliumWeb-Regular",
                "fontSize": 16,
              },
              null,
            ]
          }
        >
          Create new wallet
        </Text>
      </View>
    </View>
  </View>
</View>
`;
