// Jest Snapshot v1, https://goo.gl/fbAQLP

exports[`testing SetupYourWallet... renders correctly 1`] = `
<RCTSafeAreaView
  style={
    Object {
      "backgroundColor": "#1c2227",
      "flex": 1,
    }
  }
>
  <View>
    <RCTScrollView
      style={
        Object {
          "flex": 1,
        }
      }
    >
      <View>
        <Image
          resizeMode="contain"
          screenNumber={4}
          source={
            Object {
              "testUri": "../../../img/step-4.png",
            }
          }
          style={
            Object {
              "backgroundColor": "transparent",
              "height": 60,
              "marginBottom": 5,
              "width": "100%",
            }
          }
        />
        <View>
          <Text
            accessible={true}
            allowFontScaling={true}
            ellipsizeMode="tail"
            style={
              Object {
                "color": "#ffffff",
                "fontSize": 20,
              }
            }
          >
            Next we will give you a seed phrase which is the key to restoring your wallet. You must WRITE IT DOWN and store it in a secure location or risk losing access to your funds. Do not save this phrase on your device or in the cloud. Do not do this step in a public place.
          </Text>
        </View>
      </View>
    </RCTScrollView>
    <View
      style={
        Object {
          "justifyContent": "flex-end",
        }
      }
    >
      <View
        accessible={true}
        focusAnimation={null}
        focusAnimationDuration={225}
        hitSlop={
          Object {
            "bottom": 6,
            "left": 4,
            "right": 4,
            "top": 6,
          }
        }
        onLayout={[Function]}
        onPress={[Function]}
        onPressIn={[Function]}
        onPressOut={[Function]}
        onResponderGrant={[Function]}
        onResponderMove={[Function]}
        onResponderRelease={[Function]}
        onResponderTerminate={[Function]}
        onResponderTerminationRequest={[Function]}
        onStartShouldSetResponder={[Function]}
        pointerEvents="box-only"
        rippleCentered={false}
        rippleColor="#ffffff"
        rippleDuration={400}
        rippleFades={true}
        rippleOpacity={0.3}
        rippleSequential={true}
        rippleSize={0}
        style={
          Object {
            "backgroundColor": "#4e957a",
            "borderRadius": 2,
            "height": 36,
            "justifyContent": "space-around",
            "minWidth": 64,
            "paddingHorizontal": 8,
          }
        }
      >
        <Text
          accessible={true}
          allowFontScaling={true}
          ellipsizeMode="tail"
          numberOfLines={1}
          style={
            Array [
              Object {
                "backgroundColor": "transparent",
                "fontSize": 14,
                "fontWeight": "500",
                "textAlign": "center",
              },
              Object {
                "color": "#ffffff",
                "fontFamily": "TitilliumWeb-Regular",
                "fontSize": 14,
              },
              Object {
                "color": "#ffffff",
              },
            ]
          }
        >
          GET MY SEED PHRASE
        </Text>
        <View
          style={
            Object {
              "backgroundColor": "#ffffff",
              "borderRadius": 2,
              "bottom": 0,
              "left": 0,
              "opacity": 0,
              "position": "absolute",
              "right": 0,
              "top": 0,
            }
          }
        />
        <View
          style={
            Array [
              Object {
                "backgroundColor": "transparent",
                "bottom": 0,
                "left": 0,
                "overflow": "hidden",
                "position": "absolute",
                "right": 0,
                "top": 0,
              },
              Object {
                "borderRadius": 2,
              },
            ]
          }
        />
      </View>
    </View>
  </View>
</RCTSafeAreaView>
`;
