// Jest Snapshot v1, https://goo.gl/fbAQLP

exports[`testing SetupNewOrRecovery... renders correctly 1`] = `
<View
  onLayout={[Function]}
  pointerEvents="box-none"
  style={
    Object {
      "backgroundColor": "#1c2227",
      "flex": 1,
      "paddingBottom": 0,
      "paddingLeft": 0,
      "paddingRight": 0,
      "paddingTop": 20,
    }
  }
>
  <View
    style={
      Object {
        "backgroundColor": "#1c2227",
        "flex": 1,
        "paddingBottom": 26.5,
        "paddingLeft": 15,
        "paddingRight": 15,
      }
    }
  >
    <RCTScrollView
      style={
        Object {
          "marginTop": 20,
        }
      }
    >
      <View>
        <Image
          resizeMode="contain"
          screenNumber={1}
          source={
            Object {
              "testUri": "../../../img/step-1.png",
            }
          }
          style={
            Object {
              "backgroundColor": "transparent",
              "height": 60,
              "marginBottom": 5,
              "width": "100%",
            }
          }
        />
        <View>
          <Text
            accessible={true}
            allowFontScaling={true}
            ellipsizeMode="tail"
            style={
              Object {
                "color": "#ffffff",
                "fontFamily": "TitilliumWeb-Regular",
                "fontSize": 20,
              }
            }
          >
            Welcome to ndau, a cryptocurrency designed to be a buoyant long-term store of value.
             
            
          </Text>
        </View>
        <View>
          <Text
            accessible={true}
            allowFontScaling={true}
            ellipsizeMode="tail"
            style={
              Object {
                "color": "#ffffff",
                "fontFamily": "TitilliumWeb-Regular",
                "fontSize": 20,
              }
            }
          >
            To get started securely, you will create a new wallet, protect it with a password, and create a recovery phrase which you will need in order to restore your wallet if you lose access to it.
            
          </Text>
        </View>
      </View>
    </RCTScrollView>
    <View
      style={
        Object {
          "justifyContent": "flex-end",
        }
      }
    >
      <View
        style={
          Object {
            "justifyContent": "space-between",
            "marginTop": 26.5,
          }
        }
      >
        <View
          accessibilityComponentType="button"
          accessibilityTraits="button"
          accessible={true}
          isTVSelectable={true}
          onResponderGrant={[Function]}
          onResponderMove={[Function]}
          onResponderRelease={[Function]}
          onResponderTerminate={[Function]}
          onResponderTerminationRequest={[Function]}
          onStartShouldSetResponder={[Function]}
          style={
            Object {
              "alignContent": "center",
              "backgroundColor": "#4e957a",
              "borderRadius": 3,
              "height": 93.5,
              "justifyContent": "center",
              "opacity": 1,
            }
          }
        >
          <Text
            accessible={true}
            allowFontScaling={true}
            ellipsizeMode="tail"
            style={
              Object {
                "alignSelf": "center",
                "color": "#ffffff",
                "fontFamily": "TitilliumWeb-Regular",
                "fontSize": 16,
                "fontWeight": "bold",
              }
            }
          >
            Recover a wallet (less common)
          </Text>
        </View>
      </View>
      <View
        style={
          Object {
            "justifyContent": "space-between",
            "marginTop": 26.5,
          }
        }
      >
        <View
          accessibilityComponentType="button"
          accessibilityTraits="button"
          accessible={true}
          isTVSelectable={true}
          onResponderGrant={[Function]}
          onResponderMove={[Function]}
          onResponderRelease={[Function]}
          onResponderTerminate={[Function]}
          onResponderTerminationRequest={[Function]}
          onStartShouldSetResponder={[Function]}
          style={
            Object {
              "alignContent": "center",
              "backgroundColor": "#4e957a",
              "borderRadius": 3,
              "height": 93.5,
              "justifyContent": "center",
              "opacity": 1,
            }
          }
        >
          <Text
            accessible={true}
            allowFontScaling={true}
            ellipsizeMode="tail"
            style={
              Object {
                "alignSelf": "center",
                "color": "#ffffff",
                "fontFamily": "TitilliumWeb-Regular",
                "fontSize": 16,
                "fontWeight": "bold",
              }
            }
          >
            New wallet
          </Text>
        </View>
      </View>
    </View>
  </View>
</View>
`;
