// Jest Snapshot v1, https://goo.gl/fbAQLP

exports[`testing SetupUserId... renders correctly 1`] = `
<RCTSafeAreaView
  style={
    Object {
      "backgroundColor": "#1c2227",
      "flex": 1,
    }
  }
>
  <View
    style={
      Object {
        "backgroundColor": "#1c2227",
        "flex": 1,
        "paddingBottom": 10,
        "paddingLeft": 10,
        "paddingRight": 10,
        "paddingTop": 10,
      }
    }
  >
    <RCTScrollView
      style={
        Object {
          "flex": 1,
        }
      }
    >
      <View>
        <View>
          <Text
            accessible={true}
            allowFontScaling={true}
            ellipsizeMode="tail"
            style={
              Object {
                "color": "#ffffff",
                "fontSize": 20,
              }
            }
          >
            Verify your User ID 
          </Text>
        </View>
        <View>
          <RCTProgressView
            progress={0.125}
            style={
              Array [
                Object {
                  "height": 2,
                },
                undefined,
              ]
            }
          />
        </View>
        <View>
          <Text
            accessible={true}
            allowFontScaling={true}
            ellipsizeMode="tail"
            style={
              Object {
                "color": "#ffffff",
                "fontSize": 20,
              }
            }
          >
            In order to deliver your ndau to this wallet on Genesis Day, we need the six-character code you use to access the ndau dashboard.
          </Text>
        </View>
        <TextInput
          allowFontScaling={true}
          autoCapitalize="characters"
          onChangeText={[Function]}
          placeholder="Enter your unique User ID"
          placeholderTextColor="#333"
          value=""
        />
      </View>
    </RCTScrollView>
    <View
      style={
        Object {
          "justifyContent": "flex-end",
        }
      }
    >
      <View
        accessible={true}
        focusAnimation={null}
        focusAnimationDuration={225}
        hitSlop={
          Object {
            "bottom": 6,
            "left": 4,
            "right": 4,
            "top": 6,
          }
        }
        onLayout={[Function]}
        onPress={[Function]}
        onPressIn={[Function]}
        onPressOut={[Function]}
        onResponderGrant={[Function]}
        onResponderMove={[Function]}
        onResponderRelease={[Function]}
        onResponderTerminate={[Function]}
        onResponderTerminationRequest={[Function]}
        onStartShouldSetResponder={[Function]}
        pointerEvents="box-only"
        rippleCentered={false}
        rippleColor="#0a1724"
        rippleDuration={400}
        rippleFades={true}
        rippleOpacity={0.3}
        rippleSequential={true}
        rippleSize={0}
        style={
          Object {
            "backgroundColor": "#ffffff",
            "borderRadius": 2,
            "height": 36,
            "justifyContent": "space-around",
            "minWidth": 64,
            "paddingHorizontal": 8,
          }
        }
      >
        <Text
          accessible={true}
          allowFontScaling={true}
          ellipsizeMode="tail"
          numberOfLines={1}
          style={
            Array [
              Object {
                "backgroundColor": "transparent",
                "fontSize": 14,
                "fontWeight": "500",
                "textAlign": "center",
              },
              Object {
                "color": "#ffffff",
                "fontFamily": "TitilliumWeb-Regular",
                "fontSize": 14,
              },
              Object {
                "color": "#0a1724",
              },
            ]
          }
        >
          VERIFY
        </Text>
        <View
          style={
            Object {
              "backgroundColor": "#0a1724",
              "borderRadius": 2,
              "bottom": 0,
              "left": 0,
              "opacity": 0,
              "position": "absolute",
              "right": 0,
              "top": 0,
            }
          }
        />
        <View
          style={
            Array [
              Object {
                "backgroundColor": "transparent",
                "bottom": 0,
                "left": 0,
                "overflow": "hidden",
                "position": "absolute",
                "right": 0,
                "top": 0,
              },
              Object {
                "borderRadius": 2,
              },
            ]
          }
        />
      </View>
    </View>
  </View>
</RCTSafeAreaView>
`;
