// Jest Snapshot v1, https://goo.gl/fbAQLP

exports[`testing SetupSeedPhrase... renders correctly 1`] = `
ShallowWrapper {
  "length": 1,
  Symbol(enzyme.__root__): [Circular],
  Symbol(enzyme.__unrendered__): <SafeAreaView
    style={
      Object {
        "backgroundColor": "#1c2227",
        "flex": 1,
      }
    }
  >
    <Component
      style={
        Object {
          "backgroundColor": "#1c2227",
          "flex": 1,
          "paddingBottom": 10,
          "paddingLeft": 10,
          "paddingRight": 10,
          "paddingTop": 10,
        }
      }
    >
      <ScrollView
        style={
          Object {
            "flex": 1,
          }
        }
      >
        <Component>
          <Text
            accessible={true}
            allowFontScaling={true}
            ellipsizeMode="tail"
            style={
              Object {
                "color": "#ffffff",
                "fontSize": 20,
              }
            }
          >
            Seed phrase
          </Text>
        </Component>
        <Component>
          <ProgressViewIOS
            progress={0.625}
          />
        </Component>
        <Component>
          <Text
            accessible={true}
            allowFontScaling={true}
            ellipsizeMode="tail"
            style={
              Object {
                "color": "#ffffff",
                "fontSize": 20,
              }
            }
          >
            Write this phrase down. You will want to store it in a secure location.
          </Text>
        </Component>
        <Component
          style={
            Object {
              "flex": 1,
              "flexDirection": "row",
              "justifyContent": "space-evenly",
            }
          }
        />
        <Component
          style={
            Object {
              "flex": 1,
              "flexDirection": "row",
              "justifyContent": "space-evenly",
            }
          }
        />
        <Component
          style={
            Object {
              "flex": 1,
              "flexDirection": "row",
              "justifyContent": "space-evenly",
            }
          }
        />
        <Component
          style={
            Object {
              "flex": 1,
              "flexDirection": "row",
              "justifyContent": "space-evenly",
            }
          }
        />
      </ScrollView>
      <Component
        style={
          Object {
            "justifyContent": "flex-end",
          }
        }
      >
        <Button
          color="#4d9678"
          onPress={[Function]}
          title="I wrote it down"
        />
      </Component>
    </Component>
  </SafeAreaView>,
  Symbol(enzyme.__renderer__): Object {
    "batchedUpdates": [Function],
    "getNode": [Function],
    "render": [Function],
    "simulateEvent": [Function],
    "unmount": [Function],
  },
  Symbol(enzyme.__node__): Object {
    "instance": null,
    "key": undefined,
    "nodeType": "class",
    "props": Object {
      "children": <Component
        style={
          Object {
            "backgroundColor": "#1c2227",
            "flex": 1,
            "paddingBottom": 10,
            "paddingLeft": 10,
            "paddingRight": 10,
            "paddingTop": 10,
          }
        }
      >
        <ScrollView
          style={
            Object {
              "flex": 1,
            }
          }
        >
          <Component>
            <Text
              accessible={true}
              allowFontScaling={true}
              ellipsizeMode="tail"
              style={
                Object {
                  "color": "#ffffff",
                  "fontSize": 20,
                }
              }
            >
              Seed phrase
            </Text>
          </Component>
          <Component>
            <ProgressViewIOS
              progress={0.625}
            />
          </Component>
          <Component>
            <Text
              accessible={true}
              allowFontScaling={true}
              ellipsizeMode="tail"
              style={
                Object {
                  "color": "#ffffff",
                  "fontSize": 20,
                }
              }
            >
              Write this phrase down. You will want to store it in a secure location.
            </Text>
          </Component>
          <Component
            style={
              Object {
                "flex": 1,
                "flexDirection": "row",
                "justifyContent": "space-evenly",
              }
            }
          />
          <Component
            style={
              Object {
                "flex": 1,
                "flexDirection": "row",
                "justifyContent": "space-evenly",
              }
            }
          />
          <Component
            style={
              Object {
                "flex": 1,
                "flexDirection": "row",
                "justifyContent": "space-evenly",
              }
            }
          />
          <Component
            style={
              Object {
                "flex": 1,
                "flexDirection": "row",
                "justifyContent": "space-evenly",
              }
            }
          />
        </ScrollView>
        <Component
          style={
            Object {
              "justifyContent": "flex-end",
            }
          }
        >
          <Button
            color="#4d9678"
            onPress={[Function]}
            title="I wrote it down"
          />
        </Component>
      </Component>,
      "style": Object {
        "backgroundColor": "#1c2227",
        "flex": 1,
      },
    },
    "ref": null,
    "rendered": Object {
      "instance": null,
      "key": undefined,
      "nodeType": "class",
      "props": Object {
        "children": Array [
          <ScrollView
            style={
              Object {
                "flex": 1,
              }
            }
          >
            <Component>
              <Text
                accessible={true}
                allowFontScaling={true}
                ellipsizeMode="tail"
                style={
                  Object {
                    "color": "#ffffff",
                    "fontSize": 20,
                  }
                }
              >
                Seed phrase
              </Text>
            </Component>
            <Component>
              <ProgressViewIOS
                progress={0.625}
              />
            </Component>
            <Component>
              <Text
                accessible={true}
                allowFontScaling={true}
                ellipsizeMode="tail"
                style={
                  Object {
                    "color": "#ffffff",
                    "fontSize": 20,
                  }
                }
              >
                Write this phrase down. You will want to store it in a secure location.
              </Text>
            </Component>
            <Component
              style={
                Object {
                  "flex": 1,
                  "flexDirection": "row",
                  "justifyContent": "space-evenly",
                }
              }
            />
            <Component
              style={
                Object {
                  "flex": 1,
                  "flexDirection": "row",
                  "justifyContent": "space-evenly",
                }
              }
            />
            <Component
              style={
                Object {
                  "flex": 1,
                  "flexDirection": "row",
                  "justifyContent": "space-evenly",
                }
              }
            />
            <Component
              style={
                Object {
                  "flex": 1,
                  "flexDirection": "row",
                  "justifyContent": "space-evenly",
                }
              }
            />
          </ScrollView>,
          <Component
            style={
              Object {
                "justifyContent": "flex-end",
              }
            }
          >
            <Button
              color="#4d9678"
              onPress={[Function]}
              title="I wrote it down"
            />
          </Component>,
        ],
        "style": Object {
          "backgroundColor": "#1c2227",
          "flex": 1,
          "paddingBottom": 10,
          "paddingLeft": 10,
          "paddingRight": 10,
          "paddingTop": 10,
        },
      },
      "ref": null,
      "rendered": Array [
        Object {
          "instance": null,
          "key": undefined,
          "nodeType": "class",
          "props": Object {
            "children": Array [
              <Component>
                <Text
                  accessible={true}
                  allowFontScaling={true}
                  ellipsizeMode="tail"
                  style={
                    Object {
                      "color": "#ffffff",
                      "fontSize": 20,
                    }
                  }
                >
                  Seed phrase
                </Text>
              </Component>,
              <Component>
                <ProgressViewIOS
                  progress={0.625}
                />
              </Component>,
              <Component>
                <Text
                  accessible={true}
                  allowFontScaling={true}
                  ellipsizeMode="tail"
                  style={
                    Object {
                      "color": "#ffffff",
                      "fontSize": 20,
                    }
                  }
                >
                  Write this phrase down. You will want to store it in a secure location.
                </Text>
              </Component>,
              <Component
                style={
                  Object {
                    "flex": 1,
                    "flexDirection": "row",
                    "justifyContent": "space-evenly",
                  }
                }
              />,
              <Component
                style={
                  Object {
                    "flex": 1,
                    "flexDirection": "row",
                    "justifyContent": "space-evenly",
                  }
                }
              />,
              <Component
                style={
                  Object {
                    "flex": 1,
                    "flexDirection": "row",
                    "justifyContent": "space-evenly",
                  }
                }
              />,
              <Component
                style={
                  Object {
                    "flex": 1,
                    "flexDirection": "row",
                    "justifyContent": "space-evenly",
                  }
                }
              />,
            ],
            "style": Object {
              "flex": 1,
            },
          },
          "ref": null,
          "rendered": Array [
            Object {
              "instance": null,
              "key": undefined,
              "nodeType": "class",
              "props": Object {
                "children": <Text
                  accessible={true}
                  allowFontScaling={true}
                  ellipsizeMode="tail"
                  style={
                    Object {
                      "color": "#ffffff",
                      "fontSize": 20,
                    }
                  }
                >
                  Seed phrase
                </Text>,
              },
              "ref": null,
              "rendered": Object {
                "instance": null,
                "key": undefined,
                "nodeType": "class",
                "props": Object {
                  "accessible": true,
                  "allowFontScaling": true,
                  "children": "Seed phrase",
                  "ellipsizeMode": "tail",
                  "style": Object {
                    "color": "#ffffff",
                    "fontSize": 20,
                  },
                },
                "ref": null,
                "rendered": "Seed phrase",
                "type": [Function],
              },
              "type": [Function],
            },
            Object {
              "instance": null,
              "key": undefined,
              "nodeType": "class",
              "props": Object {
                "children": <ProgressViewIOS
                  progress={0.625}
                />,
              },
              "ref": null,
              "rendered": Object {
                "instance": null,
                "key": undefined,
                "nodeType": "class",
                "props": Object {
                  "progress": 0.625,
                  "style": undefined,
                },
                "ref": null,
                "rendered": null,
                "type": [Function],
              },
              "type": [Function],
            },
            Object {
              "instance": null,
              "key": undefined,
              "nodeType": "class",
              "props": Object {
                "children": <Text
                  accessible={true}
                  allowFontScaling={true}
                  ellipsizeMode="tail"
                  style={
                    Object {
                      "color": "#ffffff",
                      "fontSize": 20,
                    }
                  }
                >
                  Write this phrase down. You will want to store it in a secure location.
                </Text>,
              },
              "ref": null,
              "rendered": Object {
                "instance": null,
                "key": undefined,
                "nodeType": "class",
                "props": Object {
                  "accessible": true,
                  "allowFontScaling": true,
                  "children": "Write this phrase down. You will want to store it in a secure location.",
                  "ellipsizeMode": "tail",
                  "style": Object {
                    "color": "#ffffff",
                    "fontSize": 20,
                  },
                },
                "ref": null,
                "rendered": "Write this phrase down. You will want to store it in a secure location.",
                "type": [Function],
              },
              "type": [Function],
            },
            Object {
              "instance": null,
              "key": undefined,
              "nodeType": "class",
              "props": Object {
                "children": Array [],
                "style": Object {
                  "flex": 1,
                  "flexDirection": "row",
                  "justifyContent": "space-evenly",
                },
              },
              "ref": null,
              "rendered": Array [],
              "type": [Function],
            },
            Object {
              "instance": null,
              "key": undefined,
              "nodeType": "class",
              "props": Object {
                "children": Array [],
                "style": Object {
                  "flex": 1,
                  "flexDirection": "row",
                  "justifyContent": "space-evenly",
                },
              },
              "ref": null,
              "rendered": Array [],
              "type": [Function],
            },
            Object {
              "instance": null,
              "key": undefined,
              "nodeType": "class",
              "props": Object {
                "children": Array [],
                "style": Object {
                  "flex": 1,
                  "flexDirection": "row",
                  "justifyContent": "space-evenly",
                },
              },
              "ref": null,
              "rendered": Array [],
              "type": [Function],
            },
            Object {
              "instance": null,
              "key": undefined,
              "nodeType": "class",
              "props": Object {
                "children": Array [],
                "style": Object {
                  "flex": 1,
                  "flexDirection": "row",
                  "justifyContent": "space-evenly",
                },
              },
              "ref": null,
              "rendered": Array [],
              "type": [Function],
            },
          ],
          "type": [MockFunction],
        },
        Object {
          "instance": null,
          "key": undefined,
          "nodeType": "class",
          "props": Object {
            "children": <Button
              color="#4d9678"
              onPress={[Function]}
              title="I wrote it down"
            />,
            "style": Object {
              "justifyContent": "flex-end",
            },
          },
          "ref": null,
          "rendered": Object {
            "instance": null,
            "key": undefined,
            "nodeType": "class",
            "props": Object {
              "color": "#4d9678",
              "onPress": [Function],
              "title": "I wrote it down",
            },
            "ref": null,
            "rendered": null,
            "type": [Function],
          },
          "type": [Function],
        },
      ],
      "type": [Function],
    },
    "type": [Function],
  },
  Symbol(enzyme.__nodes__): Array [
    Object {
      "instance": null,
      "key": undefined,
      "nodeType": "class",
      "props": Object {
        "children": <Component
          style={
            Object {
              "backgroundColor": "#1c2227",
              "flex": 1,
              "paddingBottom": 10,
              "paddingLeft": 10,
              "paddingRight": 10,
              "paddingTop": 10,
            }
          }
        >
          <ScrollView
            style={
              Object {
                "flex": 1,
              }
            }
          >
            <Component>
              <Text
                accessible={true}
                allowFontScaling={true}
                ellipsizeMode="tail"
                style={
                  Object {
                    "color": "#ffffff",
                    "fontSize": 20,
                  }
                }
              >
                Seed phrase
              </Text>
            </Component>
            <Component>
              <ProgressViewIOS
                progress={0.625}
              />
            </Component>
            <Component>
              <Text
                accessible={true}
                allowFontScaling={true}
                ellipsizeMode="tail"
                style={
                  Object {
                    "color": "#ffffff",
                    "fontSize": 20,
                  }
                }
              >
                Write this phrase down. You will want to store it in a secure location.
              </Text>
            </Component>
            <Component
              style={
                Object {
                  "flex": 1,
                  "flexDirection": "row",
                  "justifyContent": "space-evenly",
                }
              }
            />
            <Component
              style={
                Object {
                  "flex": 1,
                  "flexDirection": "row",
                  "justifyContent": "space-evenly",
                }
              }
            />
            <Component
              style={
                Object {
                  "flex": 1,
                  "flexDirection": "row",
                  "justifyContent": "space-evenly",
                }
              }
            />
            <Component
              style={
                Object {
                  "flex": 1,
                  "flexDirection": "row",
                  "justifyContent": "space-evenly",
                }
              }
            />
          </ScrollView>
          <Component
            style={
              Object {
                "justifyContent": "flex-end",
              }
            }
          >
            <Button
              color="#4d9678"
              onPress={[Function]}
              title="I wrote it down"
            />
          </Component>
        </Component>,
        "style": Object {
          "backgroundColor": "#1c2227",
          "flex": 1,
        },
      },
      "ref": null,
      "rendered": Object {
        "instance": null,
        "key": undefined,
        "nodeType": "class",
        "props": Object {
          "children": Array [
            <ScrollView
              style={
                Object {
                  "flex": 1,
                }
              }
            >
              <Component>
                <Text
                  accessible={true}
                  allowFontScaling={true}
                  ellipsizeMode="tail"
                  style={
                    Object {
                      "color": "#ffffff",
                      "fontSize": 20,
                    }
                  }
                >
                  Seed phrase
                </Text>
              </Component>
              <Component>
                <ProgressViewIOS
                  progress={0.625}
                />
              </Component>
              <Component>
                <Text
                  accessible={true}
                  allowFontScaling={true}
                  ellipsizeMode="tail"
                  style={
                    Object {
                      "color": "#ffffff",
                      "fontSize": 20,
                    }
                  }
                >
                  Write this phrase down. You will want to store it in a secure location.
                </Text>
              </Component>
              <Component
                style={
                  Object {
                    "flex": 1,
                    "flexDirection": "row",
                    "justifyContent": "space-evenly",
                  }
                }
              />
              <Component
                style={
                  Object {
                    "flex": 1,
                    "flexDirection": "row",
                    "justifyContent": "space-evenly",
                  }
                }
              />
              <Component
                style={
                  Object {
                    "flex": 1,
                    "flexDirection": "row",
                    "justifyContent": "space-evenly",
                  }
                }
              />
              <Component
                style={
                  Object {
                    "flex": 1,
                    "flexDirection": "row",
                    "justifyContent": "space-evenly",
                  }
                }
              />
            </ScrollView>,
            <Component
              style={
                Object {
                  "justifyContent": "flex-end",
                }
              }
            >
              <Button
                color="#4d9678"
                onPress={[Function]}
                title="I wrote it down"
              />
            </Component>,
          ],
          "style": Object {
            "backgroundColor": "#1c2227",
            "flex": 1,
            "paddingBottom": 10,
            "paddingLeft": 10,
            "paddingRight": 10,
            "paddingTop": 10,
          },
        },
        "ref": null,
        "rendered": Array [
          Object {
            "instance": null,
            "key": undefined,
            "nodeType": "class",
            "props": Object {
              "children": Array [
                <Component>
                  <Text
                    accessible={true}
                    allowFontScaling={true}
                    ellipsizeMode="tail"
                    style={
                      Object {
                        "color": "#ffffff",
                        "fontSize": 20,
                      }
                    }
                  >
                    Seed phrase
                  </Text>
                </Component>,
                <Component>
                  <ProgressViewIOS
                    progress={0.625}
                  />
                </Component>,
                <Component>
                  <Text
                    accessible={true}
                    allowFontScaling={true}
                    ellipsizeMode="tail"
                    style={
                      Object {
                        "color": "#ffffff",
                        "fontSize": 20,
                      }
                    }
                  >
                    Write this phrase down. You will want to store it in a secure location.
                  </Text>
                </Component>,
                <Component
                  style={
                    Object {
                      "flex": 1,
                      "flexDirection": "row",
                      "justifyContent": "space-evenly",
                    }
                  }
                />,
                <Component
                  style={
                    Object {
                      "flex": 1,
                      "flexDirection": "row",
                      "justifyContent": "space-evenly",
                    }
                  }
                />,
                <Component
                  style={
                    Object {
                      "flex": 1,
                      "flexDirection": "row",
                      "justifyContent": "space-evenly",
                    }
                  }
                />,
                <Component
                  style={
                    Object {
                      "flex": 1,
                      "flexDirection": "row",
                      "justifyContent": "space-evenly",
                    }
                  }
                />,
              ],
              "style": Object {
                "flex": 1,
              },
            },
            "ref": null,
            "rendered": Array [
              Object {
                "instance": null,
                "key": undefined,
                "nodeType": "class",
                "props": Object {
                  "children": <Text
                    accessible={true}
                    allowFontScaling={true}
                    ellipsizeMode="tail"
                    style={
                      Object {
                        "color": "#ffffff",
                        "fontSize": 20,
                      }
                    }
                  >
                    Seed phrase
                  </Text>,
                },
                "ref": null,
                "rendered": Object {
                  "instance": null,
                  "key": undefined,
                  "nodeType": "class",
                  "props": Object {
                    "accessible": true,
                    "allowFontScaling": true,
                    "children": "Seed phrase",
                    "ellipsizeMode": "tail",
                    "style": Object {
                      "color": "#ffffff",
                      "fontSize": 20,
                    },
                  },
                  "ref": null,
                  "rendered": "Seed phrase",
                  "type": [Function],
                },
                "type": [Function],
              },
              Object {
                "instance": null,
                "key": undefined,
                "nodeType": "class",
                "props": Object {
                  "children": <ProgressViewIOS
                    progress={0.625}
                  />,
                },
                "ref": null,
                "rendered": Object {
                  "instance": null,
                  "key": undefined,
                  "nodeType": "class",
                  "props": Object {
                    "progress": 0.625,
                    "style": undefined,
                  },
                  "ref": null,
                  "rendered": null,
                  "type": [Function],
                },
                "type": [Function],
              },
              Object {
                "instance": null,
                "key": undefined,
                "nodeType": "class",
                "props": Object {
                  "children": <Text
                    accessible={true}
                    allowFontScaling={true}
                    ellipsizeMode="tail"
                    style={
                      Object {
                        "color": "#ffffff",
                        "fontSize": 20,
                      }
                    }
                  >
                    Write this phrase down. You will want to store it in a secure location.
                  </Text>,
                },
                "ref": null,
                "rendered": Object {
                  "instance": null,
                  "key": undefined,
                  "nodeType": "class",
                  "props": Object {
                    "accessible": true,
                    "allowFontScaling": true,
                    "children": "Write this phrase down. You will want to store it in a secure location.",
                    "ellipsizeMode": "tail",
                    "style": Object {
                      "color": "#ffffff",
                      "fontSize": 20,
                    },
                  },
                  "ref": null,
                  "rendered": "Write this phrase down. You will want to store it in a secure location.",
                  "type": [Function],
                },
                "type": [Function],
              },
              Object {
                "instance": null,
                "key": undefined,
                "nodeType": "class",
                "props": Object {
                  "children": Array [],
                  "style": Object {
                    "flex": 1,
                    "flexDirection": "row",
                    "justifyContent": "space-evenly",
                  },
                },
                "ref": null,
                "rendered": Array [],
                "type": [Function],
              },
              Object {
                "instance": null,
                "key": undefined,
                "nodeType": "class",
                "props": Object {
                  "children": Array [],
                  "style": Object {
                    "flex": 1,
                    "flexDirection": "row",
                    "justifyContent": "space-evenly",
                  },
                },
                "ref": null,
                "rendered": Array [],
                "type": [Function],
              },
              Object {
                "instance": null,
                "key": undefined,
                "nodeType": "class",
                "props": Object {
                  "children": Array [],
                  "style": Object {
                    "flex": 1,
                    "flexDirection": "row",
                    "justifyContent": "space-evenly",
                  },
                },
                "ref": null,
                "rendered": Array [],
                "type": [Function],
              },
              Object {
                "instance": null,
                "key": undefined,
                "nodeType": "class",
                "props": Object {
                  "children": Array [],
                  "style": Object {
                    "flex": 1,
                    "flexDirection": "row",
                    "justifyContent": "space-evenly",
                  },
                },
                "ref": null,
                "rendered": Array [],
                "type": [Function],
              },
            ],
            "type": [MockFunction],
          },
          Object {
            "instance": null,
            "key": undefined,
            "nodeType": "class",
            "props": Object {
              "children": <Button
                color="#4d9678"
                onPress={[Function]}
                title="I wrote it down"
              />,
              "style": Object {
                "justifyContent": "flex-end",
              },
            },
            "ref": null,
            "rendered": Object {
              "instance": null,
              "key": undefined,
              "nodeType": "class",
              "props": Object {
                "color": "#4d9678",
                "onPress": [Function],
                "title": "I wrote it down",
              },
              "ref": null,
              "rendered": null,
              "type": [Function],
            },
            "type": [Function],
          },
        ],
        "type": [Function],
      },
      "type": [Function],
    },
  ],
  Symbol(enzyme.__options__): Object {
    "adapter": ReactSixteenAdapter {
      "options": Object {
        "enableComponentDidUpdateOnSetState": true,
      },
    },
  },
}
`;
