// Jest Snapshot v1, https://goo.gl/fbAQLP

exports[`SetupConfirmSeedPhrase presentation renders correctly 1`] = `
<View
  onLayout={[Function]}
  pointerEvents="box-none"
  style={
    Object {
      "backgroundColor": "#1c2227",
      "flex": 1,
      "paddingBottom": 0,
      "paddingLeft": 0,
      "paddingRight": 0,
      "paddingTop": 20,
    }
  }
>
  <View
    style={
      Object {
        "backgroundColor": "#1c2227",
        "flex": 1,
        "paddingBottom": 26.5,
        "paddingLeft": 15,
        "paddingRight": 15,
      }
    }
  >
    <RCTScrollView
      style={
        Object {
          "flex": 1,
        }
      }
    >
      <View>
        <Image
          resizeMode="contain"
          screenNumber={6}
          source={
            Object {
              "testUri": "../../../img/step-6.png",
            }
          }
          style={
            Object {
              "backgroundColor": "transparent",
              "height": 60,
              "marginBottom": 5,
              "width": "100%",
            }
          }
        />
        <View
          style={
            Object {
              "marginBottom": 10,
            }
          }
        >
          <Text
            accessible={true}
            allowFontScaling={true}
            ellipsizeMode="tail"
            style={
              Object {
                "color": "#ffffff",
                "fontFamily": "TitilliumWeb-Regular",
                "fontSize": 20,
              }
            }
          >
            Demonstrate that you wrote the phrase down by tapping the words below in order.
             
          </Text>
        </View>
        <View
          style={
            Object {
              "flex": 1,
              "flexDirection": "row",
              "justifyContent": "space-evenly",
            }
          }
        >
          <View
            accessible={true}
            isTVSelectable={true}
            onResponderGrant={[Function]}
            onResponderMove={[Function]}
            onResponderRelease={[Function]}
            onResponderTerminate={[Function]}
            onResponderTerminationRequest={[Function]}
            onStartShouldSetResponder={[Function]}
            style={null}
          >
            <View
              style={
                Object {
                  "alignItems": "center",
                  "backgroundColor": "transparent",
                  "borderRadius": 6,
                  "flex": 1,
                  "height": 133.5,
                  "justifyContent": "center",
                  "marginBottom": 7.5,
                  "marginTop": 7.5,
                  "width": 225,
                }
              }
            >
              <Text
                accessible={true}
                allowFontScaling={true}
                ellipsizeMode="tail"
                style={
                  Object {
                    "color": "#ffffff",
                    "fontFamily": "TitilliumWeb-Regular",
                    "fontSize": 20,
                    "textAlign": "center",
                  }
                }
              >
                zero
              </Text>
            </View>
          </View>
          <View
            accessible={true}
            isTVSelectable={true}
            onResponderGrant={[Function]}
            onResponderMove={[Function]}
            onResponderRelease={[Function]}
            onResponderTerminate={[Function]}
            onResponderTerminationRequest={[Function]}
            onStartShouldSetResponder={[Function]}
            style={null}
          >
            <View
              style={
                Object {
                  "alignItems": "center",
                  "backgroundColor": "transparent",
                  "borderRadius": 6,
                  "flex": 1,
                  "height": 133.5,
                  "justifyContent": "center",
                  "marginBottom": 7.5,
                  "marginTop": 7.5,
                  "width": 225,
                }
              }
            >
              <Text
                accessible={true}
                allowFontScaling={true}
                ellipsizeMode="tail"
                style={
                  Object {
                    "color": "#ffffff",
                    "fontFamily": "TitilliumWeb-Regular",
                    "fontSize": 20,
                    "textAlign": "center",
                  }
                }
              >
                one
              </Text>
            </View>
          </View>
          <View
            accessible={true}
            isTVSelectable={true}
            onResponderGrant={[Function]}
            onResponderMove={[Function]}
            onResponderRelease={[Function]}
            onResponderTerminate={[Function]}
            onResponderTerminationRequest={[Function]}
            onStartShouldSetResponder={[Function]}
            style={null}
          >
            <View
              style={
                Object {
                  "alignItems": "center",
                  "backgroundColor": "transparent",
                  "borderRadius": 6,
                  "flex": 1,
                  "height": 133.5,
                  "justifyContent": "center",
                  "marginBottom": 7.5,
                  "marginTop": 7.5,
                  "width": 225,
                }
              }
            >
              <Text
                accessible={true}
                allowFontScaling={true}
                ellipsizeMode="tail"
                style={
                  Object {
                    "color": "#ffffff",
                    "fontFamily": "TitilliumWeb-Regular",
                    "fontSize": 20,
                    "textAlign": "center",
                  }
                }
              >
                two
              </Text>
            </View>
          </View>
        </View>
        <View
          style={
            Object {
              "flex": 1,
              "flexDirection": "row",
              "justifyContent": "space-evenly",
            }
          }
        >
          <View
            accessible={true}
            isTVSelectable={true}
            onResponderGrant={[Function]}
            onResponderMove={[Function]}
            onResponderRelease={[Function]}
            onResponderTerminate={[Function]}
            onResponderTerminationRequest={[Function]}
            onStartShouldSetResponder={[Function]}
            style={null}
          >
            <View
              style={
                Object {
                  "alignItems": "center",
                  "backgroundColor": "transparent",
                  "borderRadius": 6,
                  "flex": 1,
                  "height": 133.5,
                  "justifyContent": "center",
                  "marginBottom": 7.5,
                  "marginTop": 7.5,
                  "width": 225,
                }
              }
            >
              <Text
                accessible={true}
                allowFontScaling={true}
                ellipsizeMode="tail"
                style={
                  Object {
                    "color": "#ffffff",
                    "fontFamily": "TitilliumWeb-Regular",
                    "fontSize": 20,
                    "textAlign": "center",
                  }
                }
              >
                three
              </Text>
            </View>
          </View>
          <View
            accessible={true}
            isTVSelectable={true}
            onResponderGrant={[Function]}
            onResponderMove={[Function]}
            onResponderRelease={[Function]}
            onResponderTerminate={[Function]}
            onResponderTerminationRequest={[Function]}
            onStartShouldSetResponder={[Function]}
            style={null}
          >
            <View
              style={
                Object {
                  "alignItems": "center",
                  "backgroundColor": "transparent",
                  "borderRadius": 6,
                  "flex": 1,
                  "height": 133.5,
                  "justifyContent": "center",
                  "marginBottom": 7.5,
                  "marginTop": 7.5,
                  "width": 225,
                }
              }
            >
              <Text
                accessible={true}
                allowFontScaling={true}
                ellipsizeMode="tail"
                style={
                  Object {
                    "color": "#ffffff",
                    "fontFamily": "TitilliumWeb-Regular",
                    "fontSize": 20,
                    "textAlign": "center",
                  }
                }
              >
                four
              </Text>
            </View>
          </View>
          <View
            accessible={true}
            isTVSelectable={true}
            onResponderGrant={[Function]}
            onResponderMove={[Function]}
            onResponderRelease={[Function]}
            onResponderTerminate={[Function]}
            onResponderTerminationRequest={[Function]}
            onStartShouldSetResponder={[Function]}
            style={null}
          >
            <View
              style={
                Object {
                  "alignItems": "center",
                  "backgroundColor": "transparent",
                  "borderRadius": 6,
                  "flex": 1,
                  "height": 133.5,
                  "justifyContent": "center",
                  "marginBottom": 7.5,
                  "marginTop": 7.5,
                  "width": 225,
                }
              }
            >
              <Text
                accessible={true}
                allowFontScaling={true}
                ellipsizeMode="tail"
                style={
                  Object {
                    "color": "#ffffff",
                    "fontFamily": "TitilliumWeb-Regular",
                    "fontSize": 20,
                    "textAlign": "center",
                  }
                }
              >
                five
              </Text>
            </View>
          </View>
        </View>
        <View
          style={
            Object {
              "flex": 1,
              "flexDirection": "row",
              "justifyContent": "space-evenly",
            }
          }
        >
          <View
            accessible={true}
            isTVSelectable={true}
            onResponderGrant={[Function]}
            onResponderMove={[Function]}
            onResponderRelease={[Function]}
            onResponderTerminate={[Function]}
            onResponderTerminationRequest={[Function]}
            onStartShouldSetResponder={[Function]}
            style={null}
          >
            <View
              style={
                Object {
                  "alignItems": "center",
                  "backgroundColor": "transparent",
                  "borderRadius": 6,
                  "flex": 1,
                  "height": 133.5,
                  "justifyContent": "center",
                  "marginBottom": 7.5,
                  "marginTop": 7.5,
                  "width": 225,
                }
              }
            >
              <Text
                accessible={true}
                allowFontScaling={true}
                ellipsizeMode="tail"
                style={
                  Object {
                    "color": "#ffffff",
                    "fontFamily": "TitilliumWeb-Regular",
                    "fontSize": 20,
                    "textAlign": "center",
                  }
                }
              >
                six
              </Text>
            </View>
          </View>
          <View
            accessible={true}
            isTVSelectable={true}
            onResponderGrant={[Function]}
            onResponderMove={[Function]}
            onResponderRelease={[Function]}
            onResponderTerminate={[Function]}
            onResponderTerminationRequest={[Function]}
            onStartShouldSetResponder={[Function]}
            style={null}
          >
            <View
              style={
                Object {
                  "alignItems": "center",
                  "backgroundColor": "transparent",
                  "borderRadius": 6,
                  "flex": 1,
                  "height": 133.5,
                  "justifyContent": "center",
                  "marginBottom": 7.5,
                  "marginTop": 7.5,
                  "width": 225,
                }
              }
            >
              <Text
                accessible={true}
                allowFontScaling={true}
                ellipsizeMode="tail"
                style={
                  Object {
                    "color": "#ffffff",
                    "fontFamily": "TitilliumWeb-Regular",
                    "fontSize": 20,
                    "textAlign": "center",
                  }
                }
              >
                seven
              </Text>
            </View>
          </View>
          <View
            accessible={true}
            isTVSelectable={true}
            onResponderGrant={[Function]}
            onResponderMove={[Function]}
            onResponderRelease={[Function]}
            onResponderTerminate={[Function]}
            onResponderTerminationRequest={[Function]}
            onStartShouldSetResponder={[Function]}
            style={null}
          >
            <View
              style={
                Object {
                  "alignItems": "center",
                  "backgroundColor": "transparent",
                  "borderRadius": 6,
                  "flex": 1,
                  "height": 133.5,
                  "justifyContent": "center",
                  "marginBottom": 7.5,
                  "marginTop": 7.5,
                  "width": 225,
                }
              }
            >
              <Text
                accessible={true}
                allowFontScaling={true}
                ellipsizeMode="tail"
                style={
                  Object {
                    "color": "#ffffff",
                    "fontFamily": "TitilliumWeb-Regular",
                    "fontSize": 20,
                    "textAlign": "center",
                  }
                }
              >
                eight
              </Text>
            </View>
          </View>
        </View>
        <View
          style={
            Object {
              "flex": 1,
              "flexDirection": "row",
              "justifyContent": "space-evenly",
            }
          }
        >
          <View
            accessible={true}
            isTVSelectable={true}
            onResponderGrant={[Function]}
            onResponderMove={[Function]}
            onResponderRelease={[Function]}
            onResponderTerminate={[Function]}
            onResponderTerminationRequest={[Function]}
            onStartShouldSetResponder={[Function]}
            style={null}
          >
            <View
              style={
                Object {
                  "alignItems": "center",
                  "backgroundColor": "transparent",
                  "borderRadius": 6,
                  "flex": 1,
                  "height": 133.5,
                  "justifyContent": "center",
                  "marginBottom": 7.5,
                  "marginTop": 7.5,
                  "width": 225,
                }
              }
            >
              <Text
                accessible={true}
                allowFontScaling={true}
                ellipsizeMode="tail"
                style={
                  Object {
                    "color": "#ffffff",
                    "fontFamily": "TitilliumWeb-Regular",
                    "fontSize": 20,
                    "textAlign": "center",
                  }
                }
              >
                nine
              </Text>
            </View>
          </View>
          <View
            accessible={true}
            isTVSelectable={true}
            onResponderGrant={[Function]}
            onResponderMove={[Function]}
            onResponderRelease={[Function]}
            onResponderTerminate={[Function]}
            onResponderTerminationRequest={[Function]}
            onStartShouldSetResponder={[Function]}
            style={null}
          >
            <View
              style={
                Object {
                  "alignItems": "center",
                  "backgroundColor": "transparent",
                  "borderRadius": 6,
                  "flex": 1,
                  "height": 133.5,
                  "justifyContent": "center",
                  "marginBottom": 7.5,
                  "marginTop": 7.5,
                  "width": 225,
                }
              }
            >
              <Text
                accessible={true}
                allowFontScaling={true}
                ellipsizeMode="tail"
                style={
                  Object {
                    "color": "#ffffff",
                    "fontFamily": "TitilliumWeb-Regular",
                    "fontSize": 20,
                    "textAlign": "center",
                  }
                }
              >
                ten
              </Text>
            </View>
          </View>
          <View
            accessible={true}
            isTVSelectable={true}
            onResponderGrant={[Function]}
            onResponderMove={[Function]}
            onResponderRelease={[Function]}
            onResponderTerminate={[Function]}
            onResponderTerminationRequest={[Function]}
            onStartShouldSetResponder={[Function]}
            style={null}
          >
            <View
              style={
                Object {
                  "alignItems": "center",
                  "backgroundColor": "transparent",
                  "borderRadius": 6,
                  "flex": 1,
                  "height": 133.5,
                  "justifyContent": "center",
                  "marginBottom": 7.5,
                  "marginTop": 7.5,
                  "width": 225,
                }
              }
            >
              <Text
                accessible={true}
                allowFontScaling={true}
                ellipsizeMode="tail"
                style={
                  Object {
                    "color": "#ffffff",
                    "fontFamily": "TitilliumWeb-Regular",
                    "fontSize": 20,
                    "textAlign": "center",
                  }
                }
              >
                eleven
              </Text>
            </View>
          </View>
        </View>
      </View>
    </RCTScrollView>
    <View
      style={
        Object {
          "display": "flex",
          "justifyContent": "flex-end",
        }
      }
    >
      <View
        style={
          Object {
            "justifyContent": "space-between",
            "marginTop": 26.5,
          }
        }
      >
        <View
          accessibilityComponentType="button"
          accessibilityTraits="button"
          accessible={true}
          isTVSelectable={true}
          onResponderGrant={[Function]}
          onResponderMove={[Function]}
          onResponderRelease={[Function]}
          onResponderTerminate={[Function]}
          onResponderTerminationRequest={[Function]}
          onStartShouldSetResponder={[Function]}
          style={
            Object {
              "alignContent": "center",
              "backgroundColor": "#4e957a",
              "borderRadius": 3,
              "height": 93.5,
              "justifyContent": "center",
              "opacity": 1,
            }
          }
        >
          <Text
            accessible={true}
            allowFontScaling={true}
            ellipsizeMode="tail"
            style={
              Array [
                Object {
                  "color": "#007aff",
                  "fontSize": 17,
                  "fontWeight": "500",
                  "textAlign": "center",
                },
                null,
                Object {
                  "color": "#fff",
                  "fontFamily": "TitilliumWeb-Regular",
                  "fontSize": 16,
                },
                null,
              ]
            }
          >
            Back (resets phrase)
          </Text>
        </View>
      </View>
      <View
        style={
          Object {
            "justifyContent": "space-between",
            "marginTop": 26.5,
          }
        }
      >
        <View
          accessibilityComponentType="button"
          accessibilityTraits="button"
          accessible={true}
          isTVSelectable={true}
          onResponderGrant={[Function]}
          onResponderMove={[Function]}
          onResponderRelease={[Function]}
          onResponderTerminate={[Function]}
          onResponderTerminationRequest={[Function]}
          onStartShouldSetResponder={[Function]}
          style={
            Object {
              "alignContent": "center",
              "backgroundColor": "#696969",
              "borderRadius": 3,
              "height": 93.5,
              "justifyContent": "center",
              "opacity": 1,
            }
          }
        >
          <Text
            accessible={true}
            allowFontScaling={true}
            ellipsizeMode="tail"
            style={
              Array [
                Object {
                  "color": "#007aff",
                  "fontSize": 17,
                  "fontWeight": "500",
                  "textAlign": "center",
                },
                Object {
                  "color": "#dcdcdc",
                },
                Object {
                  "color": "#fff",
                  "fontFamily": "TitilliumWeb-Regular",
                  "fontSize": 16,
                },
                undefined,
              ]
            }
          >
            Next
          </Text>
        </View>
      </View>
    </View>
  </View>
</View>
`;
