// Jest Snapshot v1, https://goo.gl/fbAQLP

exports[`testing SetupEncryptionPassword... renders correctly 1`] = `
<View
  onLayout={[Function]}
  pointerEvents="box-none"
  style={
    Object {
      "backgroundColor": "#1c2227",
      "flex": 1,
      "paddingBottom": 0,
      "paddingLeft": 0,
      "paddingRight": 0,
      "paddingTop": 20,
    }
  }
>
  <View
    style={
      Object {
        "backgroundColor": "#1c2227",
        "flex": 1,
        "paddingBottom": 26.5,
        "paddingLeft": 15,
        "paddingRight": 15,
      }
    }
  >
    <RCTScrollView
      style={
        Object {
          "flex": 1,
        }
      }
    >
      <View>
        <Image
          resizeMode="contain"
          screenNumber={4}
          source={
            Object {
              "testUri": "../../../img/step-4.png",
            }
          }
          style={
            Object {
              "backgroundColor": "transparent",
              "height": 60,
              "marginBottom": 5,
              "width": "100%",
            }
          }
        />
        <View
          style={
            Object {
              "marginBottom": 8,
            }
          }
        >
          <Text
            accessible={true}
            allowFontScaling={true}
            ellipsizeMode="tail"
            onPress={[Function]}
            style={
              Object {
                "color": "#ffffff",
                "fontFamily": "TitilliumWeb-Regular",
                "fontSize": 20,
              }
            }
          >
            Set a password. This password applies to this app only. Ndau will not have access to it. We cannot help you reset this password, so you should write it down.
              
            <Text
              accessible={true}
              allowFontScaling={false}
              ellipsizeMode="tail"
              style={
                Array [
                  Object {
                    "color": "#ffffff",
                    "fontSize": 20,
                  },
                  Object {
                    "marginBottom": 3,
                  },
                  Object {
                    "fontFamily": "FontAwesome",
                    "fontStyle": "normal",
                    "fontWeight": "normal",
                  },
                ]
              }
            >
              ï„©
            </Text>
          </Text>
        </View>
        <TextInput
          allowFontScaling={true}
          autoCapitalize="none"
          onChangeText={[Function]}
          placeholder="Enter a password"
          placeholderTextColor="#333"
          secureTextEntry={true}
          style={
            Object {
              "backgroundColor": "#ffffff",
              "borderColor": "gray",
              "borderRadius": 6,
              "borderWidth": 1,
              "color": "#000000",
              "fontFamily": "TitilliumWeb-Regular",
              "fontSize": 18,
              "height": 93.5,
              "marginTop": 13.5,
              "paddingLeft": 7.5,
            }
          }
          value=""
        />
        <TextInput
          allowFontScaling={true}
          autoCapitalize="none"
          onChangeText={[Function]}
          placeholder="Confirm your password"
          placeholderTextColor="#333"
          secureTextEntry={true}
          style={
            Object {
              "backgroundColor": "#ffffff",
              "borderColor": "gray",
              "borderRadius": 6,
              "borderWidth": 1,
              "color": "#000000",
              "fontFamily": "TitilliumWeb-Regular",
              "fontSize": 18,
              "height": 93.5,
              "marginTop": 13.5,
              "paddingLeft": 7.5,
            }
          }
          value=""
        />
        <View>
          <View
            accessible={true}
            isTVSelectable={true}
            onResponderGrant={[Function]}
            onResponderMove={[Function]}
            onResponderRelease={[Function]}
            onResponderTerminate={[Function]}
            onResponderTerminationRequest={[Function]}
            onStartShouldSetResponder={[Function]}
            style={
              Object {
                "flex": 1,
                "paddingBottom": 13.5,
                "paddingTop": 13.5,
              }
            }
          >
            <View
              style={
                Object {
                  "alignItems": "center",
                  "flexDirection": "row",
                }
              }
            >
              <Image
                source={
                  Object {
                    "testUri": "../../react-native-check-box/img/ic_check_box_outline_blank.png",
                  }
                }
                style={
                  Object {
                    "tintColor": "#ffffff",
                  }
                }
              />
              <Text
                accessible={true}
                allowFontScaling={true}
                ellipsizeMode="tail"
                style={
                  Array [
                    Object {
                      "flex": 1,
                      "marginLeft": 10,
                    },
                    Object {
                      "color": "#ffffff",
                      "fontFamily": "TitilliumWeb-Regular",
                      "fontSize": 20,
                    },
                  ]
                }
              >
                Show passwords
              </Text>
            </View>
          </View>
        </View>
        <View>
          <View
            accessible={true}
            isTVSelectable={true}
            onResponderGrant={[Function]}
            onResponderMove={[Function]}
            onResponderRelease={[Function]}
            onResponderTerminate={[Function]}
            onResponderTerminationRequest={[Function]}
            onStartShouldSetResponder={[Function]}
            style={
              Object {
                "flex": 1,
                "paddingBottom": 13.5,
                "paddingTop": 13.5,
              }
            }
          >
            <View
              style={
                Object {
                  "alignItems": "center",
                  "flexDirection": "row",
                }
              }
            >
              <Image
                source={
                  Object {
                    "testUri": "../../react-native-check-box/img/ic_check_box_outline_blank.png",
                  }
                }
                style={
                  Object {
                    "tintColor": "#ffffff",
                  }
                }
              />
              <Text
                accessible={true}
                allowFontScaling={true}
                ellipsizeMode="tail"
                style={
                  Array [
                    Object {
                      "flex": 1,
                      "marginLeft": 10,
                    },
                    Object {
                      "color": "#ffffff",
                      "fontFamily": "TitilliumWeb-Regular",
                      "fontSize": 20,
                    },
                  ]
                }
              >
                I understand that ndau cannot help me reset my password, and I will have to recover my wallet from my recovery phrase if I lose my password.
              </Text>
            </View>
          </View>
        </View>
      </View>
    </RCTScrollView>
    <View
      style={
        Object {
          "justifyContent": "flex-end",
        }
      }
    >
      <View
        accessibilityComponentType="button"
        accessibilityTraits="button"
        accessible={true}
        isTVSelectable={true}
        onResponderGrant={[Function]}
        onResponderMove={[Function]}
        onResponderRelease={[Function]}
        onResponderTerminate={[Function]}
        onResponderTerminationRequest={[Function]}
        onStartShouldSetResponder={[Function]}
        style={
          Object {
            "alignContent": "center",
            "backgroundColor": "#696969",
            "borderRadius": 3,
            "height": 93.5,
            "justifyContent": "center",
            "opacity": 1,
          }
        }
      >
        <Text
          accessible={true}
          allowFontScaling={true}
          ellipsizeMode="tail"
          style={
            Array [
              Object {
                "color": "#007aff",
                "fontSize": 17,
                "fontWeight": "500",
                "textAlign": "center",
              },
              Object {
                "color": "#dcdcdc",
              },
              Object {
                "color": "#fff",
                "fontFamily": "TitilliumWeb-Regular",
                "fontSize": 16,
              },
              undefined,
            ]
          }
        >
          Next
        </Text>
      </View>
    </View>
  </View>
</View>
`;
