// Jest Snapshot v1, https://goo.gl/fbAQLP

exports[`testing CommonButton... renders correctly 1`] = `
<View
  accessibilityComponentType="button"
  accessibilityTraits="button"
  accessible={true}
  isTVSelectable={true}
  onResponderGrant={[Function]}
  onResponderMove={[Function]}
  onResponderRelease={[Function]}
  onResponderTerminate={[Function]}
  onResponderTerminationRequest={[Function]}
  onStartShouldSetResponder={[Function]}
  style={
    Object {
      "alignContent": "center",
      "backgroundColor": "#4e957a",
      "borderRadius": 3,
      "height": 93.5,
      "justifyContent": "center",
      "opacity": 1,
    }
  }
>
  <Text
    accessible={true}
    allowFontScaling={true}
    ellipsizeMode="tail"
    style={
      Object {
        "alignSelf": "center",
        "color": "#ffffff",
        "fontFamily": "TitilliumWeb-Regular",
        "fontSize": 16,
        "fontWeight": "bold",
      }
    }
  />
</View>
`;
