// Jest Snapshot v1, https://goo.gl/fbAQLP

exports[`testing CommonButton... renders correctly 1`] = `
<View
  accessibilityComponentType="button"
  accessibilityTraits="button"
  accessible={true}
  isTVSelectable={true}
  onResponderGrant={[Function]}
  onResponderMove={[Function]}
  onResponderRelease={[Function]}
  onResponderTerminate={[Function]}
  onResponderTerminationRequest={[Function]}
  onStartShouldSetResponder={[Function]}
  style={
    Object {
      "alignContent": "center",
      "backgroundColor": "#4e957a",
      "borderRadius": 3,
      "height": 93.5,
      "justifyContent": "center",
      "opacity": 1,
    }
  }
/>
`;

exports[`testing LockModalDialog... renders correctly 1`] = `
<Modal
  animationType="slide"
  hardwareAccelerated={false}
  navigator={
    Object {
      "setStyle": [Function],
    }
  }
  onRequestClose={[Function]}
  parentStyles={
    Object {
      "wizardText": Object {
        "color": "#ffffff",
        "fontSize": 20,
      },
    }
  }
  transparent={true}
  visible={true}
>
  <View
    style={
      Array [
        Object {
          "alignItems": "center",
          "flex": 1,
          "flexDirection": "column",
          "justifyContent": "center",
        },
        undefined,
      ]
    }
  >
    <View
      style={
        Array [
          Object {
            "backgroundColor": "#333333",
            "borderRadius": 3,
            "height": 934,
            "paddingBottom": 26.5,
            "paddingLeft": 15,
            "paddingRight": 15,
            "width": 675,
          },
          undefined,
        ]
      }
    >
      <View
        accessible={true}
        isTVSelectable={true}
        onResponderGrant={[Function]}
        onResponderMove={[Function]}
        onResponderRelease={[Function]}
        onResponderTerminate={[Function]}
        onResponderTerminationRequest={[Function]}
        onStartShouldSetResponder={[Function]}
        style={null}
      >
        <Text
          accessible={true}
          allowFontScaling={false}
          ellipsizeMode="tail"
          style={
            Array [
              Object {
                "color": "#A9A9A9",
                "fontSize": 20,
              },
              Object {
                "marginLeft": 7.5,
                "marginTop": 6.5,
              },
              Object {
                "fontFamily": "FontAwesome",
                "fontStyle": "normal",
                "fontWeight": "normal",
              },
            ]
          }
        >
          ÔÄç
        </Text>
      </View>
      <Text
        accessible={true}
        allowFontScaling={true}
        ellipsizeMode="tail"
        style={
          Object {
            "color": "#ffffff",
            "fontFamily": "TitilliumWeb-Regular",
            "fontSize": 20,
            "marginBottom": 13.5,
            "marginLeft": 7.5,
            "marginRight": 7.5,
            "marginTop": 13.5,
          }
        }
      >
        This is lock dialog
      </Text>
    </View>
  </View>
</Modal>
`;
