// Jest Snapshot v1, https://goo.gl/fbAQLP

exports[`testing UnlockModalDialog... renders correctly 1`] = `
<Modal
  animationType="slide"
  hardwareAccelerated={false}
  navigator={
    Object {
      "setStyle": [Function],
    }
  }
  onRequestClose={[Function]}
  parentStyles={
    Object {
      "wizardText": Object {
        "color": "#ffffff",
        "fontSize": 20,
      },
    }
  }
  transparent={true}
  visible={true}
>
  <View
    style={
      Array [
        Object {
          "alignItems": "center",
          "flex": 1,
          "flexDirection": "column",
          "justifyContent": "center",
        },
        undefined,
      ]
    }
  >
    <View
      style={
        Array [
          Object {
            "backgroundColor": "#333333",
            "borderRadius": 3,
            "height": 934,
            "paddingBottom": 26.5,
            "paddingLeft": 15,
            "paddingRight": 15,
            "width": 675,
          },
          undefined,
        ]
      }
    >
      <View
        accessible={true}
        isTVSelectable={true}
        onResponderGrant={[Function]}
        onResponderMove={[Function]}
        onResponderRelease={[Function]}
        onResponderTerminate={[Function]}
        onResponderTerminationRequest={[Function]}
        onStartShouldSetResponder={[Function]}
        style={null}
      >
        <Text
          accessible={true}
          allowFontScaling={false}
          ellipsizeMode="tail"
          style={
            Array [
              Object {
                "color": "#A9A9A9",
                "fontSize": 20,
              },
              Object {
                "marginLeft": 7.5,
                "marginTop": 6.5,
              },
              Object {
                "fontFamily": "FontAwesome",
                "fontStyle": "normal",
                "fontWeight": "normal",
              },
            ]
          }
        >
          ÔÄç
        </Text>
      </View>
      <Text
        accessible={true}
        allowFontScaling={true}
        ellipsizeMode="tail"
        style={
          Object {
            "color": "#ffffff",
            "fontFamily": "TitilliumWeb-Regular",
            "fontSize": 20,
            "marginBottom": 13.5,
            "marginLeft": 7.5,
            "marginRight": 7.5,
            "marginTop": 13.5,
          }
        }
      >
        Unlocking the account means you will be able to spend from it, but it will no longer accrue on incentive (EAI). Are you sure you want to unlock?
      </Text>
      <Text
        accessible={true}
        allowFontScaling={true}
        ellipsizeMode="tail"
        style={
          Object {
            "color": "#ffffff",
            "fontFamily": "TitilliumWeb-Regular",
            "fontSize": 20,
            "marginBottom": 13.5,
            "marginLeft": 7.5,
            "marginRight": 7.5,
            "marginTop": 13.5,
          }
        }
      >
        Funds from this account till be available to you in 90 days. Until 90 days are up you will not be able to add new ndau to this account.
      </Text>
      <View
        style={
          Object {
            "justifyContent": "flex-end",
          }
        }
      >
        <View
          accessibilityComponentType="button"
          accessibilityTraits="button"
          accessible={true}
          isTVSelectable={true}
          onResponderGrant={[Function]}
          onResponderMove={[Function]}
          onResponderRelease={[Function]}
          onResponderTerminate={[Function]}
          onResponderTerminationRequest={[Function]}
          onStartShouldSetResponder={[Function]}
          style={
            Object {
              "alignContent": "center",
              "backgroundColor": "#4e957a",
              "borderRadius": 3,
              "height": 93.5,
              "justifyContent": "center",
              "opacity": 1,
            }
          }
        >
          <Text
            accessible={true}
            allowFontScaling={true}
            ellipsizeMode="tail"
            style={
              Array [
                Object {
                  "color": "#007aff",
                  "fontSize": 17,
                  "fontWeight": "500",
                  "textAlign": "center",
                },
                null,
                Object {
                  "color": "#fff",
                  "fontFamily": "TitilliumWeb-Regular",
                  "fontSize": 16,
                },
                null,
              ]
            }
          >
            Start unlock countdown
          </Text>
        </View>
      </View>
    </View>
  </View>
</Modal>
`;
